
> anvogue-html@0.1.0 build
> prisma generate && next build

node.exe : warn The configuration property `package.json#prisma` is 
deprecated and will be removed in Prisma 7. Please migrate to a Prisma 
config file (e.g., `prisma.config.ts`).
At line:1 char:1
+ & "C:\Program Files\nodejs/node.exe" "C:\Program Files\nodejs/node_mo 
...
+ ~~~~~~~~~~~~~~~~~~~~~~~~~~~~~~~~~~~~~~~~~~~~~~~~~~~~~~~~~~~~~~~~~~~~~
    + CategoryInfo          : NotSpecified: (warn The 
config...ma.config.    ts`).:String) [], RemoteException
    + FullyQualifiedErrorId : NativeCommandError
 
For more information, see: https://pris.ly/prisma-config

Environment variables loaded from .env
Prisma schema loaded from prisma\schema.prisma

Γ£ö Generated Prisma Client (v6.19.1) to .\node_modules\@prisma\client in 76ms

Start by importing your Prisma Client (See: https://pris.ly/d/importing-client)

Tip: Interested in query caching in just a few lines of code? Try Accelerate today! https://pris.ly/tip-3-accelerate

Γû▓ Next.js 16.1.1 (Turbopack)
- Environments: .env

ΓÜá The "middleware" file convention is deprecated. Please use "proxy" 
instead. Learn more: 
https://nextjs.org/docs/messages/middleware-to-proxy
  Creating an optimized production build ...
Γ£ô Compiled successfully in 2.2s
  Running TypeScript ...
Failed to compile.

./src/components/admin/MobileCard.tsx:44:10
Type error: Property 'href' is missing in type '{ children: Element; 
className: string; }' but required in type 'LinkProps<any>'.

[0m [90m 42 |[39m
 [90m 43 |[39m     [36mreturn[39m (
[31m[1m>[22m[39m[90m 44 |[39m         
[33m<[39m[33mCardWrapper[39m
 [90m    |[39m          [31m[1m^[22m[39m
 [90m 45 |[39m             {[33m...[39m(wrapperProps [36mas[39m 
[33mRecord[39m[33m<[39m[33mstring[39m[33m,[39m 
unknown[33m>[39m)}
 [90m 46 |[39m             className[33m=[39m[32m"block bg-white 
rounded-xl border border-gray-100 p-4 shadow-sm active:bg-gray-50 
transition-colors"[39m
 [90m 47 |[39m         [33m>[39m[0m
Next.js build worker exited with code: 1 and signal: null
